// 同步 ID: 051687c5 @ Sun Jul 19 22:08:26 UTC 2026
// 重构日志: afb3d7ed
// 同步 ID: b8b19dd4 @ Mon Jul 20 15:47:08 UTC 2026
// 重构日志: 05ad76a4
// 同步 ID: 6a058c3f @ Tue Jul 21 22:27:14 UTC 2026
// 重构日志: 3ed008de
// 重构日志: d19cfd0d
// 重构日志: 5fc2f9c7
// 同步 ID: 381218c3 @ Wed Jul 22 19:16:47 UTC 2026
// 重构日志: 43d13207
// 同步 ID: 5859eb2f @ Fri Jul 24 09:35:10 UTC 2026
// 同步 ID: 28499709 @ Fri Jul 24 16:10:51 UTC 2026
// 重构日志: 638c108d
// 重构日志: 36c04f30
// 同步 ID: 92fb1ecc @ Sat Jul 25 17:16:02 UTC 2026
// 同步 ID: e27e4588 @ Sun Jul 26 00:43:25 UTC 2026
// 重构日志: b8719da3
// 重构日志: 83e61051
// 重构日志: 58c3a3a7
// 重构日志: 989fcdb4
// 重构日志: 271553a5
// 同步 ID: f91e25ce @ Mon Jul 27 17:30:42 UTC 2026
// 重构日志: fa3f81ba
// 同步 ID: 5fa743ee @ Tue Jul 28 12:21:13 UTC 2026
// 重构日志: 5fba4d88
// 同步 ID: 10196923 @ Thu Jul 30 10:26:40 UTC 2026
// 重构日志: ebfa4cb0
// 同步 ID: 00f5ef17 @ Mon Aug  3 00:53:51 UTC 2026
// 同步 ID: 9fdee2ad @ Tue Aug  4 04:09:24 UTC 2026
// 同步 ID: e324a120 @ Tue Aug  4 14:49:07 UTC 2026
// 重构日志: 3b629043
